
> react-kavia@0.1.0 start
> react-scripts start

(node:421) [DEP_WEBPACK_DEV_SERVER_ON_AFTER_SETUP_MIDDLEWARE] DeprecationWarning: 'onAfterSetupMiddleware' option is deprecated. Please use the 'setupMiddlewares' option.
(Use `node --trace-deprecation ...` to show where the warning was created)
(node:421) [DEP_WEBPACK_DEV_SERVER_ON_BEFORE_SETUP_MIDDLEWARE] DeprecationWarning: 'onBeforeSetupMiddleware' option is deprecated. Please use the 'setupMiddlewares' option.
Starting the development server...

Compiled successfully!

You can now view react-kavia in the browser.

  Local:            http://localhost:3000
  On Your Network:  http://172.17.0.2:3000

Note that the development build is not optimized.
To create a production build, use npm run build.

webpack compiled successfully
Compiling...
Compiled successfully!
webpack compiled successfully
Compiling...
Failed to compile.

Module not found: Error: Can't resolve '@supabase/supabase-js' in '/home/kavia/workspace/code-generation/quizmaster-27987-d5b6373d/quizmaster_web_app/src'
WARNING in [eslint] 
src/App.js
  Line 296:42:  Expected '===' and instead saw '=='  eqeqeq
  Line 297:37:  Expected '===' and instead saw '=='  eqeqeq
  Line 300:42:  Expected '===' and instead saw '=='  eqeqeq

ERROR in ./src/supabaseClient.js 3:0-53
Module not found: Error: Can't resolve '@supabase/supabase-js' in '/home/kavia/workspace/code-generation/quizmaster-27987-d5b6373d/quizmaster_web_app/src'

webpack compiled with 1 error and 1 warning
Compiling...
Failed to compile.

Module not found: Error: Can't resolve '@supabase/supabase-js' in '/home/kavia/workspace/code-generation/quizmaster-27987-d5b6373d/quizmaster_web_app/src'
WARNING in [eslint] 
src/App.js
  Line 296:42:  Expected '===' and instead saw '=='  eqeqeq
  Line 297:37:  Expected '===' and instead saw '=='  eqeqeq
  Line 300:42:  Expected '===' and instead saw '=='  eqeqeq

ERROR in ./src/supabaseClient.js 3:0-53
Module not found: Error: Can't resolve '@supabase/supabase-js' in '/home/kavia/workspace/code-generation/quizmaster-27987-d5b6373d/quizmaster_web_app/src'

webpack compiled with 1 error and 1 warning
